
≡ƒöì Checking IdentityService at http://localhost:5002...
Γ£à IdentityService is available
≡ƒöÉ Authenticating test user...
Γ£à API authentication successful
≡ƒöì Checking frontend at http://localhost:8082...
Γ£à Frontend is available
Γ£à Global setup complete - authentication state saved


Running 2 tests using 1 worker

Auth state found: { hasAccessToken: [33mtrue[39m, hasRefreshToken: [33mtrue[39m }
Auth file saved with [33m1[39m origins
Auth setup complete - storage state saved to: C:\desktopContents\projects\SaaS\E2ETests\playwright\.auth\user.json
  Γ£ô  1 [setup] ΓÇ║ tests\auth.setup.ts:8:6 ΓÇ║ authenticate (1.5s)
≡ƒÅù∩╕Å Starting multi-tenant test setup...
Γ£à Logged in as super user
≡ƒôé Navigating to tenants page...
≡ƒöì Checking if tenant A exists: e2e-TenantA
  Tenant A existence result: true
ΓÅ¡∩╕Å Tenant e2e-TenantA already exists, skipping...
≡ƒöì Checking if tenant B exists: e2e-TenantB
  Tenant B existence result: true
ΓÅ¡∩╕Å Tenant e2e-TenantB already exists, skipping...
≡ƒôé Navigating to users page...
ΓÅ│ Waiting for user management header...
≡ƒöì Checking if user exists: e2e-tenantA-admin
≡ƒæñ Creating user: e2e-tenantA-admin (admin)
node.exe : User creation API returned status 400: {"userId":null,"success":false,"errorMessage":"Response status code does not indicate success: 409 (Conflict)."}
At C:\nvm4w\nodejs\npx.ps1:29 char:3
+   & $NODE_EXE $NPX_CLI_JS $args
+   ~~~~~~~~~~~~~~~~~~~~~~~~~~~~~
    + CategoryInfo          : NotSpecified: (User creation A...9 (Conflict)    ."}:String) [], RemoteException
    + FullyQualifiedErrorId : NativeCommandError
 
Modal did not disappear after clicking Create. checking for error messages...
Γ¥î MULTI-TENANT SETUP FAILED: locator.isVisible: Unexpected token "=" while parsing css selector "[data-testid="error-message"], .error-text, text=/error|failed/i". Did you mean to CSS.escape 
it?
Call log:
[2m    - checking visibility of [data-testid="error-message"], .error-text, text=/error|failed/i >> nth=0[22m

locator.isVisible: Unexpected token "=" while parsing css selector "[data-testid="error-message"], .error-text, text=/error|failed/i". Did you mean to CSS.escape it?
Call log:
[2m    - checking visibility of [data-testid="error-message"], .error-text, text=/error|failed/i >> nth=0[22m

    at C:\desktopContents\projects\SaaS\E2ETests\pages\UsersPage.ts:140:26
    at UsersPage.createUser (C:\desktopContents\projects\SaaS\E2ETests\pages\UsersPage.ts:137:5)
    at C:\desktopContents\projects\SaaS\E2ETests\tests\multi-tenant.setup.ts:106:9
  Γ£ÿ  2 [multi-tenant-setup] ΓÇ║ tests\multi-tenant.setup.ts:14:8 ΓÇ║ Multi-Tenant Test Setup ΓÇ║ create test tenants and users (20.0s)
ΓÅ¡∩╕Å Skipping cleanup: no setup state found


  1) [multi-tenant-setup] ΓÇ║ tests\multi-tenant.setup.ts:14:8 ΓÇ║ Multi-Tenant Test Setup ΓÇ║ create test tenants and users 

    Error: locator.isVisible: Unexpected token "=" while parsing css selector "[data-testid="error-message"], .error-text, text=/error|failed/i". Did you mean to CSS.escape it?
    Call log:
    [2m    - checking visibility of [data-testid="error-message"], .error-text, text=/error|failed/i >> nth=0[22m


       at ..\pages\UsersPage.ts:140

      138 |       console.warn('Modal did not disappear after clicking Create. checking for error messages...');
      139 |       const errorMsg = this.page.locator('[data-testid="error-message"], .error-text, text=/error|failed/i').first();
    > 140 |       if (await errorMsg.isVisible()) {
          |                          ^
      141 |         const text = await errorMsg.textContent();
      142 |         throw new Error(`User creation failed with error: ${text}`);
      143 |       }
        at C:\desktopContents\projects\SaaS\E2ETests\pages\UsersPage.ts:140:26
        at UsersPage.createUser (C:\desktopContents\projects\SaaS\E2ETests\pages\UsersPage.ts:137:5)
        at C:\desktopContents\projects\SaaS\E2ETests\tests\multi-tenant.setup.ts:106:9

    attachment #1: screenshot (image/png) ΓöÇΓöÇΓöÇΓöÇΓöÇΓöÇΓöÇΓöÇΓöÇΓöÇΓöÇΓöÇΓöÇΓöÇΓöÇΓöÇΓöÇΓöÇΓöÇΓöÇΓöÇΓöÇΓöÇΓöÇΓöÇΓöÇΓöÇΓöÇΓöÇΓöÇΓöÇΓöÇΓöÇΓöÇΓöÇΓöÇΓöÇΓöÇΓöÇΓöÇΓöÇΓöÇΓöÇΓöÇΓöÇΓöÇΓöÇΓöÇΓöÇΓöÇΓöÇΓöÇΓöÇΓöÇΓöÇΓöÇΓöÇΓöÇ
    test-results\multi-tenant.setup.ts-Mult-1c663-eate-test-tenants-and-users-multi-tenant-setup\test-failed-1.png
    ΓöÇΓöÇΓöÇΓöÇΓöÇΓöÇΓöÇΓöÇΓöÇΓöÇΓöÇΓöÇΓöÇΓöÇΓöÇΓöÇΓöÇΓöÇΓöÇΓöÇΓöÇΓöÇΓöÇΓöÇΓöÇΓöÇΓöÇΓöÇΓöÇΓöÇΓöÇΓöÇΓöÇΓöÇΓöÇΓöÇΓöÇΓöÇΓöÇΓöÇΓöÇΓöÇΓöÇΓöÇΓöÇΓöÇΓöÇΓöÇΓöÇΓöÇΓöÇΓöÇΓöÇΓöÇΓöÇΓöÇΓöÇΓöÇΓöÇΓöÇΓöÇΓöÇΓöÇΓöÇΓöÇΓöÇΓöÇΓöÇΓöÇΓöÇΓöÇΓöÇΓöÇΓöÇΓöÇΓöÇΓöÇΓöÇΓöÇΓöÇΓöÇΓöÇΓöÇΓöÇΓöÇΓöÇΓöÇΓöÇΓöÇΓöÇΓöÇΓöÇΓöÇΓöÇΓöÇΓöÇ

    attachment #2: video (video/webm) ΓöÇΓöÇΓöÇΓöÇΓöÇΓöÇΓöÇΓöÇΓöÇΓöÇΓöÇΓöÇΓöÇΓöÇΓöÇΓöÇΓöÇΓöÇΓöÇΓöÇΓöÇΓöÇΓöÇΓöÇΓöÇΓöÇΓöÇΓöÇΓöÇΓöÇΓöÇΓöÇΓöÇΓöÇΓöÇΓöÇΓöÇΓöÇΓöÇΓöÇΓöÇΓöÇΓöÇΓöÇΓöÇΓöÇΓöÇΓöÇΓöÇΓöÇΓöÇΓöÇΓöÇΓöÇΓöÇΓöÇΓöÇΓöÇΓöÇΓöÇΓöÇΓöÇ
    test-results\multi-tenant.setup.ts-Mult-1c663-eate-test-tenants-and-users-multi-tenant-setup\video.webm
    ΓöÇΓöÇΓöÇΓöÇΓöÇΓöÇΓöÇΓöÇΓöÇΓöÇΓöÇΓöÇΓöÇΓöÇΓöÇΓöÇΓöÇΓöÇΓöÇΓöÇΓöÇΓöÇΓöÇΓöÇΓöÇΓöÇΓöÇΓöÇΓöÇΓöÇΓöÇΓöÇΓöÇΓöÇΓöÇΓöÇΓöÇΓöÇΓöÇΓöÇΓöÇΓöÇΓöÇΓöÇΓöÇΓöÇΓöÇΓöÇΓöÇΓöÇΓöÇΓöÇΓöÇΓöÇΓöÇΓöÇΓöÇΓöÇΓöÇΓöÇΓöÇΓöÇΓöÇΓöÇΓöÇΓöÇΓöÇΓöÇΓöÇΓöÇΓöÇΓöÇΓöÇΓöÇΓöÇΓöÇΓöÇΓöÇΓöÇΓöÇΓöÇΓöÇΓöÇΓöÇΓöÇΓöÇΓöÇΓöÇΓöÇΓöÇΓöÇΓöÇΓöÇΓöÇΓöÇΓöÇ

    Error Context: test-results\multi-tenant.setup.ts-Mult-1c663-eate-test-tenants-and-users-multi-tenant-setup\error-context.md

  1 failed
    [multi-tenant-setup] ΓÇ║ tests\multi-tenant.setup.ts:14:8 ΓÇ║ Multi-Tenant Test Setup ΓÇ║ create test tenants and users 
  1 passed (24.8s)

[36m  Serving HTML report at http://localhost:51346. Press Ctrl+C to quit.[39m
